Starting a Gradle Daemon (subsequent builds will be faster)
Calculating task graph as configuration cache cannot be reused because properties file /app/local.properties has changed.
> Task :app:preBuild UP-TO-DATE
> Task :app:checkKotlinGradlePluginConfigurationErrors SKIPPED
> Task :app:preDebugBuild UP-TO-DATE
> Task :app:mergeDebugNativeDebugMetadata NO-SOURCE
> Task :app:createDebugCompatibleScreenManifests UP-TO-DATE
> Task :app:generateDebugResValues UP-TO-DATE
> Task :app:generateDebugResources UP-TO-DATE
> Task :app:mapDebugSourceSetPaths UP-TO-DATE
> Task :app:checkDebugAarMetadata UP-TO-DATE
> Task :app:processDebugNavigationResources UP-TO-DATE
> Task :app:extractDeepLinksDebug UP-TO-DATE
> Task :app:mergeDebugResources UP-TO-DATE
> Task :app:compileDebugNavigationResources UP-TO-DATE
> Task :app:mergeDebugShaders UP-TO-DATE
> Task :app:javaPreCompileDebug UP-TO-DATE
> Task :app:packageDebugResources UP-TO-DATE
> Task :app:compileDebugShaders NO-SOURCE
> Task :app:generateDebugAssets UP-TO-DATE
> Task :app:desugarDebugFileDependencies UP-TO-DATE
> Task :app:parseDebugLocalResources UP-TO-DATE
> Task :app:mergeDebugJniLibFolders UP-TO-DATE
> Task :app:checkDebugDuplicateClasses UP-TO-DATE
> Task :app:mergeDebugNativeLibs UP-TO-DATE
> Task :app:mergeLibDexDebug UP-TO-DATE
> Task :app:mergeDebugAssets UP-TO-DATE
> Task :app:compressDebugAssets UP-TO-DATE
> Task :app:validateSigningDebug UP-TO-DATE
> Task :app:writeDebugAppMetadata UP-TO-DATE
> Task :app:writeDebugSigningConfigVersions UP-TO-DATE

> Task :app:stripDebugDebugSymbols
Unable to strip the following libraries, packaging them as they are: libandroidx.graphics.path.so, libarcore_sdk_c.so, libarcore_sdk_jni.so, libc++_shared.so, libdatastore_shared_counter.so, libimage_processing_util_jni.so, libmlkitcommonpipeline.so, libopencv_java4.so, libsurface_util_jni.so. Run with --info option to learn more.

> Task :app:processDebugMainManifest
> Task :app:mergeExtDexDebug
> Task :app:processDebugMainManifest UP-TO-DATE
> Task :app:processDebugManifest UP-TO-DATE
> Task :app:processDebugManifestForPackage UP-TO-DATE
> Task :app:processDebugResources
> Task :app:kspDebugKotlin
e: [ksp] InjectProcessingStep was unable to process 'MainViewModel(com.hereliesaz.cuedetat.domain.ReducerUtils,com.hereliesaz.cuedetat.domain.reducers.GestureReducer,UpdateStateUseCase,com.hereliesaz.cuedetat.data.SensorRepository,com.hereliesaz.cuedetat.data.UserPreferencesRepository,com.hereliesaz.cuedetat.data.VisionRepository,com.hereliesaz.cuedetat.data.VisionAnalyzer)' because 'UpdateStateUseCase' could not be resolved.

Dependency trace:
    => element (CLASS): com.hereliesaz.cuedetat.ui.MainViewModel
    => element (CONSTRUCTOR): MainViewModel(com.hereliesaz.cuedetat.domain.ReducerUtils,com.hereliesaz.cuedetat.domain.reducers.GestureReducer,UpdateStateUseCase,com.hereliesaz.cuedetat.data.SensorRepository,com.hereliesaz.cuedetat.data.UserPreferencesRepository,com.hereliesaz.cuedetat.data.VisionRepository,com.hereliesaz.cuedetat.data.VisionAnalyzer)
    => type (EXECUTABLE constructor): (com.hereliesaz.cuedetat.domain.ReducerUtils,com.hereliesaz.cuedetat.domain.reducers.GestureReducer,UpdateStateUseCase,com.hereliesaz.cuedetat.data.SensorRepository,com.hereliesaz.cuedetat.data.UserPreferencesRepository,com.hereliesaz.cuedetat.data.VisionRepository,com.hereliesaz.cuedetat.data.VisionAnalyzer)void
    => type (ERROR parameter type): UpdateStateUseCase

If type 'UpdateStateUseCase' is a generated type, check above for compilation errors that may have prevented the type from being generated. Otherwise, ensure that type 'UpdateStateUseCase' is on your classpath.

> Task :app:kspDebugKotlin FAILED

[Incubating] Problems report is available at: file:///app/build/reports/problems/problems-report.html

FAILURE: Build failed with an exception.

* What went wrong:
Execution failed for task ':app:kspDebugKotlin'.
> A failure occurred while executing com.google.devtools.ksp.gradle.KspAAWorkerAction
   > KSP failed with exit code: PROCESSING_ERROR

* Try:
> Run with --stacktrace option to get the stack trace.
> Run with --info or --debug option to get more log output.
> Run with --scan to generate a Build Scan (Powered by Develocity).
> Get more help at https://help.gradle.org.

Deprecated Gradle features were used in this build, making it incompatible with Gradle 10.

You can use '--warning-mode all' to show the individual deprecation warnings and determine if they come from your own scripts or plugins.

For more on this, please refer to https://docs.gradle.org/9.1.0/userguide/command_line_interface.html#sec:command_line_warnings in the Gradle documentation.

BUILD FAILED in 2m 8s
30 actionable tasks: 4 executed, 26 up-to-date
Configuration cache entry stored.
